1. Loading dotenv...
2. Loading express...
3. Loading other deps...
4. Loading routes...
5. Creating app...
6. Starting server...
7. Success on 5001!
